
Memory Configuration

Name             Origin             Length             Attributes
FLASH            0x0000000008000000 0x0000000000040000 xr
SRAM             0x0000000020000000 0x0000000000010000 xrw
*default*        0x0000000000000000 0xffffffffffffffff

Linker script and memory map

LOAD main.o
LOAD stm32_startup.o
                0x0000000020010000                _estack = (ORIGIN (SRAM) + LENGTH (SRAM))
                0x0000000000000400                _Min_Heap_Size = 0x400
                0x0000000000000400                _Min_Stack_Size = 0x400

.isr_vector     0x0000000008000000        0x8
                0x0000000008000000                _isr_vector_start = .
                0x0000000008000000                . = ALIGN (0x4)
 *(.isr_vector)
 .isr_vector    0x0000000008000000        0x8 stm32_startup.o
                0x0000000008000008                . = ALIGN (0x4)
                0x0000000008000008                _isr_vector_end = .

.text           0x0000000008000008       0x84
                0x0000000008000008                . = ALIGN (0x4)
 *(.text)
 .text          0x0000000008000008       0x64 main.o
                0x0000000008000008                main
 .text          0x000000000800006c       0x20 stm32_startup.o
                0x0000000008000080                ResetHandler
 *(.text*)
 *(.rodata)
                0x000000000800008c                . = ALIGN (0x4)
                0x000000000800008c                _etext = .

.glue_7         0x000000000800008c        0x0
 .glue_7        0x000000000800008c        0x0 linker stubs

.glue_7t        0x000000000800008c        0x0
 .glue_7t       0x000000000800008c        0x0 linker stubs

.vfp11_veneer   0x000000000800008c        0x0
 .vfp11_veneer  0x000000000800008c        0x0 linker stubs

.v4_bx          0x000000000800008c        0x0
 .v4_bx         0x000000000800008c        0x0 linker stubs

.iplt           0x000000000800008c        0x0
 .iplt          0x000000000800008c        0x0 stm32_startup.o

.rel.dyn        0x000000000800008c        0x0
 .rel.iplt      0x000000000800008c        0x0 stm32_startup.o

.data           0x0000000020000000        0x0 load address 0x000000000800008c
                0x0000000020000000                . = ALIGN (0x4)
                0x0000000020000000                _sdata = .
 *(.data)
 .data          0x0000000020000000        0x0 main.o
 .data          0x0000000020000000        0x0 stm32_startup.o
 *(.data*)
                0x0000000020000000                . = ALIGN (0x4)
                0x0000000020000000                _edata = .

.igot.plt       0x0000000020000000        0x0 load address 0x000000000800008c
 .igot.plt      0x0000000020000000        0x0 stm32_startup.o

.bss            0x0000000020000000        0x0 load address 0x000000000800008c
                0x0000000020000000                . = ALIGN (0x4)
                0x0000000020000000                _sbss = .
 *(.bss)
 .bss           0x0000000020000000        0x0 main.o
 .bss           0x0000000020000000        0x0 stm32_startup.o
                0x0000000020000000                . = ALIGN (0x4)
                0x0000000020000000                _ebss = .
OUTPUT(final.elf elf32-littlearm)
LOAD linker stubs

.debug_info     0x0000000000000000       0xab
 .debug_info    0x0000000000000000       0x85 main.o
 .debug_info    0x0000000000000085       0x26 stm32_startup.o

.debug_abbrev   0x0000000000000000       0x7f
 .debug_abbrev  0x0000000000000000       0x6b main.o
 .debug_abbrev  0x000000000000006b       0x14 stm32_startup.o

.debug_aranges  0x0000000000000000       0x40
 .debug_aranges
                0x0000000000000000       0x20 main.o
 .debug_aranges
                0x0000000000000020       0x20 stm32_startup.o

.debug_line     0x0000000000000000       0xb5
 .debug_line    0x0000000000000000       0x74 main.o
 .debug_line    0x0000000000000074       0x41 stm32_startup.o

.debug_str      0x0000000000000000       0xc9
 .debug_str     0x0000000000000000       0xab main.o
 .debug_str     0x00000000000000ab       0x1e stm32_startup.o
                                         0x2b (size before relaxing)

.comment        0x0000000000000000       0x49
 .comment       0x0000000000000000       0x49 main.o
                                         0x4a (size before relaxing)

.ARM.attributes
                0x0000000000000000       0x2c
 .ARM.attributes
                0x0000000000000000       0x2e main.o
 .ARM.attributes
                0x000000000000002e       0x21 stm32_startup.o

.debug_frame    0x0000000000000000       0x2c
 .debug_frame   0x0000000000000000       0x2c main.o
